rtx
d:\work\olo\solo2_fw\solo2_flight_v2_1\backup
d:\work\olo\solo2_fw\solo2_flight_v2_1\rtx\.gitignore
d:\work\olo\solo2_fw\solo2_flight_v2_1\rtx\adc.c
d:\work\olo\solo2_fw\solo2_flight_v2_1\rtx\adc.h
d:\work\olo\solo2_fw\solo2_flight_v2_1\rtx\clock.c
d:\work\olo\solo2_fw\solo2_flight_v2_1\rtx\clock.h
d:\work\olo\solo2_fw\solo2_flight_v2_1\rtx\cmos.h
d:\work\olo\solo2_fw\solo2_flight_v2_1\rtx\common.c
d:\work\olo\solo2_fw\solo2_flight_v2_1\rtx\common.h
d:\work\olo\solo2_fw\solo2_flight_v2_1\rtx\convert_firmware.bat
d:\work\olo\solo2_fw\solo2_flight_v2_1\rtx\dac.c
d:\work\olo\solo2_fw\solo2_flight_v2_1\rtx\dac.h
d:\work\olo\solo2_fw\solo2_flight_v2_1\rtx\files.lst
d:\work\olo\solo2_fw\solo2_flight_v2_1\rtx\flight_v2_1.uvgui.dkuznets
d:\work\olo\solo2_fw\solo2_flight_v2_1\rtx\flight_v2_1.uvopt
d:\work\olo\solo2_fw\solo2_flight_v2_1\rtx\flight_v2_1.uvproj
d:\work\olo\solo2_fw\solo2_flight_v2_1\rtx\i2c_mc.c
d:\work\olo\solo2_fw\solo2_flight_v2_1\rtx\i2c_mc.h
d:\work\olo\solo2_fw\solo2_flight_v2_1\rtx\list.lst
d:\work\olo\solo2_fw\solo2_flight_v2_1\rtx\m.bat
d:\work\olo\solo2_fw\solo2_flight_v2_1\rtx\m2.bat
d:\work\olo\solo2_fw\solo2_flight_v2_1\rtx\m5.bat
d:\work\olo\solo2_fw\solo2_flight_v2_1\rtx\main — копия.c
d:\work\olo\solo2_fw\solo2_flight_v2_1\rtx\main.c
d:\work\olo\solo2_fw\solo2_flight_v2_1\rtx\makebin_left_wing.bat
d:\work\olo\solo2_fw\solo2_flight_v2_1\rtx\makebin_right_wing.bat
d:\work\olo\solo2_fw\solo2_flight_v2_1\rtx\push.bat
d:\work\olo\solo2_fw\solo2_flight_v2_1\rtx\qqq.bin
d:\work\olo\solo2_fw\solo2_flight_v2_1\rtx\rbf2c.bat
d:\work\olo\solo2_fw\solo2_flight_v2_1\rtx\rect.h
d:\work\olo\solo2_fw\solo2_flight_v2_1\rtx\regs.h
d:\work\olo\solo2_fw\solo2_flight_v2_1\rtx\rtc_svc.c
d:\work\olo\solo2_fw\solo2_flight_v2_1\rtx\rtc_svc.h
d:\work\olo\solo2_fw\solo2_flight_v2_1\rtx\rtx_config.c
d:\work\olo\solo2_fw\solo2_flight_v2_1\rtx\sbl_config.h
d:\work\olo\solo2_fw\solo2_flight_v2_1\rtx\sbl_iap.c
d:\work\olo\solo2_fw\solo2_flight_v2_1\rtx\sbl_iap.h
d:\work\olo\solo2_fw\solo2_flight_v2_1\rtx\startup.s
d:\work\olo\solo2_fw\solo2_flight_v2_1\rtx\structs.h
d:\work\olo\solo2_fw\solo2_flight_v2_1\rtx\termometer.c
d:\work\olo\solo2_fw\solo2_flight_v2_1\rtx\termometer.h
d:\work\olo\solo2_fw\solo2_flight_v2_1\rtx\termostat.c
d:\work\olo\solo2_fw\solo2_flight_v2_1\rtx\termostat.h
d:\work\olo\solo2_fw\solo2_flight_v2_1\rtx\type.h
d:\work\olo\solo2_fw\solo2_flight_v2_1\rtx\version.bat
d:\work\olo\solo2_fw\solo2_flight_v2_1\rtx\vl.h
d:\work\olo\solo2_fw\solo2_flight_v2_1\rtx\vl.txt
d:\work\olo\solo2_fw\solo2_flight_v2_1\rtx\vr.h
d:\work\olo\solo2_fw\solo2_flight_v2_1\rtx\vr.txt
d:\work\olo\solo2_fw\solo2_flight_v2_1\rtx\can\inc\can_cfg.h
d:\work\olo\solo2_fw\solo2_flight_v2_1\rtx\can\inc\can_ex.h
d:\work\olo\solo2_fw\solo2_flight_v2_1\rtx\can\inc\can_reg.h
d:\work\olo\solo2_fw\solo2_flight_v2_1\rtx\can\inc\rtx_can.h
d:\work\olo\solo2_fw\solo2_flight_v2_1\rtx\can\src\can_lpc229x_custom.c
d:\work\olo\solo2_fw\solo2_flight_v2_1\rtx\can\src\rtx_can.c
d:\work\olo\solo2_fw\solo2_flight_v2_1\rtx\can\src\rtx_can_ex.c
d:\work\olo\solo2_fw\solo2_flight_v2_1\rtx\fs\file_config.c
d:\work\olo\solo2_fw\solo2_flight_v2_1\rtx\fs\file_config.h
d:\work\olo\solo2_fw\solo2_flight_v2_1\rtx\fs\fs_spi_flashdev.h
d:\work\olo\solo2_fw\solo2_flight_v2_1\rtx\fs\fs_spi_flashprg.c
d:\work\olo\solo2_fw\solo2_flight_v2_1\rtx\fs\retarget.c
d:\work\olo\solo2_fw\solo2_flight_v2_1\rtx\fs\spi_lpc22xx_custom.c
d:\work\olo\solo2_fw\solo2_flight_v2_1\rtx\lib\fs_arm_l.lib
d:\work\olo\solo2_fw\solo2_flight_v2_1\rtx\lst\startup.lst
d:\work\olo\solo2_fw\solo2_flight_v2_1\rtx\plis\compress.c
d:\work\olo\solo2_fw\solo2_flight_v2_1\rtx\plis\compress.h
d:\work\olo\solo2_fw\solo2_flight_v2_1\rtx\plis\plis1_fw.c
d:\work\olo\solo2_fw\solo2_flight_v2_1\rtx\plis\plis2_fw.c
d:\work\olo\solo2_fw\solo2_flight_v2_1\rtx\plis\plis_fw.h
d:\work\olo\solo2_fw\solo2_flight_v2_1\rtx\plis\spi_plis.c
d:\work\olo\solo2_fw\solo2_flight_v2_1\rtx\plis\spi_plis.h
d:\work\olo\solo2_fw\solo2_flight_v2_1\rtx\plis\upload.c
d:\work\olo\solo2_fw\solo2_flight_v2_1\rtx\plis\upload.h
d:\work\OLO\SOLO2_FW\solo2_flight_v2_1\RTX\SWI_Table.s
